// Vitest Snapshot v1, https://vitest.dev/guide/snapshot.html

exports[`MarketplacePaymentSettings > saves the Stripe and PayPal rails with the unchanged payload shape 1`] = `
[
  [
    {
      "bitcoinEnabled": false,
      "paypalMerchantEmail": "seller@example.com",
      "stripePaymentLink": "https://buy.stripe.com/test_abc",
      "stripeRestrictedKey": "rk_test_12345678",
    },
  ],
]
`;
